
> saleor-storefront@0.1.0 build
> next build

node.exe : next : Le terme «next» n'est pas reconnu comme nom d'applet de 
commande, 
Au caractère Ligne:1 : 1
+ & "C:\Program Files\nodejs/node.exe" "C:\Program Files\nodejs/node_mo ...
+ ~~~~~~~~~~~~~~~~~~~~~~~~~~~~~~~~~~~~~~~~~~~~~~~~~~~~~~~~~~~~~~~~~~~~~
    + CategoryInfo          : NotSpecified: (next : Le terme...t de commande,  
   :String) [], RemoteException
    + FullyQualifiedErrorId : NativeCommandError
 
fonction, fichier de script ou programme exécutable. Vérifiez l'orthographe du 
nom, ou si un chemin d'accès existe, vérifiez que le chemin d'accès est 
correct et réessayez.
Au caractère Ligne:1 : 1
+ next build
+ ~~~~
    + CategoryInfo          : ObjectNotFound: (next:String) [], CommandNotFoun 
   dException
    + FullyQualifiedErrorId : CommandNotFoundException
 
